// Jest Snapshot v1, https://goo.gl/fbAQLP

exports[`CustomResource Testing Should match snapshot 1`] = `
{
  "Parameters": {
    "BootstrapVersion": {
      "Default": "/cdk-bootstrap/hnb659fds/version",
      "Description": "Version of the CDK Bootstrap resources in this environment, automatically retrieved from SSM Parameter Store. [cdk:skip]",
      "Type": "AWS::SSM::Parameter::Value<String>",
    },
  },
  "Resources": {
    "AWS679f53fac002430cb0da5b7982bd22872D164C4C": {
      "DependsOn": [
        "FunctionRole111A5701",
      ],
      "Properties": {
        "Code": {
          "S3Bucket": "cdk-hnb659fds-assets-123456789012-us-east-1",
          "S3Key": "97f30e67419a1676a2215492723e5add1aa491caf0cbe2dd878fc4fab0468cd4.zip",
        },
        "Handler": "index.handler",
        "MemorySize": 512,
        "Role": {
          "Fn::GetAtt": [
            "FunctionRole111A5701",
            "Arn",
          ],
        },
        "Runtime": "nodejs18.x",
        "Timeout": 15,
      },
      "Type": "AWS::Lambda::Function",
    },
    "Connection": {
      "Properties": {
        "ConnectionName": "example-gitlab-self-managed-connection",
        "HostArn": {
          "Fn::GetAtt": [
            "GitLabSelfManagedCodeConnectionsHostCustomResource31CD67FB",
            "HostArn",
          ],
        },
      },
      "Type": "AWS::CodeConnections::Connection",
    },
    "FunctionRole111A5701": {
      "Properties": {
        "AssumeRolePolicyDocument": {
          "Statement": [
            {
              "Action": "sts:AssumeRole",
              "Effect": "Allow",
              "Principal": {
                "Service": "lambda.amazonaws.com",
              },
            },
          ],
          "Version": "2012-10-17",
        },
        "Description": "Custom Resource Function Execution Role.",
        "ManagedPolicyArns": [
          {
            "Fn::Join": [
              "",
              [
                "arn:",
                {
                  "Ref": "AWS::Partition",
                },
                ":iam::aws:policy/service-role/AWSLambdaBasicExecutionRole",
              ],
            ],
          },
        ],
        "Policies": [
          {
            "PolicyDocument": {
              "Statement": [
                {
                  "Action": [
                    "codeconnections:CreateHost",
                    "codeconnections:UpdateHost",
                    "codeconnections:DeleteHost",
                  ],
                  "Effect": "Allow",
                  "Resource": "arn:aws:codeconnections:us-east-1:123456789012:*",
                },
              ],
              "Version": "2012-10-17",
            },
            "PolicyName": "CustomResourcePolicy",
          },
        ],
      },
      "Type": "AWS::IAM::Role",
    },
    "GitLabSelfManagedCodeConnectionsHostCustomResource31CD67FB": {
      "DeletionPolicy": "Delete",
      "Properties": {
        "Create": "{"service":"CodeConnections","action":"createHost","parameters":{"Name":"gitlab.example.com","ProviderEndpoint":"https://gitlab.example.com","ProviderType":"GitLabSelfManaged"},"physicalResourceId":{"responsePath":"HostArn"}}",
        "Delete": "{"service":"CodeConnections","action":"deleteHost","parameters":{"HostArn":"PHYSICAL:RESOURCEID:"}}",
        "InstallLatestAwsSdk": true,
        "ServiceToken": {
          "Fn::GetAtt": [
            "AWS679f53fac002430cb0da5b7982bd22872D164C4C",
            "Arn",
          ],
        },
        "Update": "{"service":"CodeConnections","action":"updateHost","parameters":{"HostArn":"PHYSICAL:RESOURCEID:","ProviderEndpoint":"https://gitlab.example.com"}}",
      },
      "Type": "Custom::AWS",
      "UpdateReplacePolicy": "Delete",
    },
  },
  "Rules": {
    "CheckBootstrapVersion": {
      "Assertions": [
        {
          "Assert": {
            "Fn::Not": [
              {
                "Fn::Contains": [
                  [
                    "1",
                    "2",
                    "3",
                    "4",
                    "5",
                  ],
                  {
                    "Ref": "BootstrapVersion",
                  },
                ],
              },
            ],
          },
          "AssertDescription": "CDK bootstrap stack version 6 required. Please run 'cdk bootstrap' with a recent version of the CDK CLI.",
        },
      ],
    },
  },
}
`;
